// Vitest Snapshot v1

exports[`dayAheadPrices > should match snapshot 1`] = `
[
  {
    "currency": "EUR",
    "period_end": "2022-11-22T23:00Z",
    "period_start": "2022-11-21T23:00Z",
    "records": [
      {
        "price": "112.42",
        "timestamp": "2022-11-21T23:00Z",
      },
      {
        "price": "111.84",
        "timestamp": "2022-11-22T00:00Z",
      },
      {
        "price": "99.97",
        "timestamp": "2022-11-22T01:00Z",
      },
      {
        "price": "82.11",
        "timestamp": "2022-11-22T02:00Z",
      },
      {
        "price": "87.65",
        "timestamp": "2022-11-22T03:00Z",
      },
      {
        "price": "98.34",
        "timestamp": "2022-11-22T04:00Z",
      },
      {
        "price": "148.04",
        "timestamp": "2022-11-22T05:00Z",
      },
      {
        "price": "219.05",
        "timestamp": "2022-11-22T06:00Z",
      },
      {
        "price": "248.97",
        "timestamp": "2022-11-22T07:00Z",
      },
      {
        "price": "236.90",
        "timestamp": "2022-11-22T08:00Z",
      },
      {
        "price": "242.20",
        "timestamp": "2022-11-22T09:00Z",
      },
      {
        "price": "244.58",
        "timestamp": "2022-11-22T10:00Z",
      },
      {
        "price": "245.32",
        "timestamp": "2022-11-22T11:00Z",
      },
      {
        "price": "251.76",
        "timestamp": "2022-11-22T12:00Z",
      },
      {
        "price": "258.96",
        "timestamp": "2022-11-22T13:00Z",
      },
      {
        "price": "260.00",
        "timestamp": "2022-11-22T14:00Z",
      },
      {
        "price": "255.61",
        "timestamp": "2022-11-22T15:00Z",
      },
      {
        "price": "284.96",
        "timestamp": "2022-11-22T16:00Z",
      },
      {
        "price": "294.90",
        "timestamp": "2022-11-22T17:00Z",
      },
      {
        "price": "281.53",
        "timestamp": "2022-11-22T18:00Z",
      },
      {
        "price": "254.20",
        "timestamp": "2022-11-22T19:00Z",
      },
      {
        "price": "246.54",
        "timestamp": "2022-11-22T20:00Z",
      },
      {
        "price": "215.00",
        "timestamp": "2022-11-22T21:00Z",
      },
      {
        "price": "171.50",
        "timestamp": "2022-11-22T22:00Z",
      },
    ],
    "unit": "MWH",
  },
]
`;
